// Vitest Snapshot v1, https://vitest.dev/guide/snapshot.html

exports[`Wrapper Component > matches the snapshot 1`] = `
<DocumentFragment>
  <div
    class="flex h-[calc(100vh)] flex-col"
    id="wrapper"
  >
    <div>
      Test Child
    </div>
  </div>
</DocumentFragment>
`;
