// Vitest Snapshot v1, https://vitest.dev/guide/snapshot.html

exports[`Footer component > matches snapshot 1`] = `
<DocumentFragment>
  <footer
    class="mx-auto flex w-full max-w-[1280px] items-center justify-center p-4 text-sm sm:p-8"
  >
    <span>
      Mariusz Ciastoń 2025  
    </span>
    <a
      href="https://github.com/mariuszciaston/"
      rel="noopener"
      target="_blank"
    >
      <i
        aria-hidden="true"
        class="fab fa-github fa-2x transition-transform duration-500 ease-in-out hover:rotate-1turn hover:scale-125 hover:transform"
      />
    </a>
  </footer>
</DocumentFragment>
`;
