// Vitest Snapshot v1, https://vitest.dev/guide/snapshot.html

exports[`CartItem component > matches snapshot 1`] = `
<DocumentFragment>
  <div
    class="flex flex-1 flex-wrap items-center justify-between gap-4"
  >
    <div
      class="flex items-center gap-4 sm:min-w-[480px] sm:flex-1"
    >
      <a
        data-discover="true"
        href="/products/1"
      >
        <img
          alt="Sample Product"
          class="aspect-square w-32 min-w-32 rounded-md border bg-white object-contain p-4"
          src="sample-image.jpg"
        />
      </a>
      <a
        data-discover="true"
        href="/products/1"
      >
        <p
          class="flex flex-col"
        >
          <span
            class="font-bold"
            data-testid="product-title"
          >
            Sample Product
          </span>
          <span
            data-testid="product-price"
          >
            $19.99
          </span>
        </p>
      </a>
    </div>
    <div
      class="flex flex-1 items-center gap-4"
    >
      <div
        class="flex gap-2"
      >
        <button
          class="inline-flex items-center justify-center gap-2 whitespace-nowrap rounded-md font-medium transition-colors focus-visible:outline-none focus-visible:ring-1 focus-visible:ring-ring disabled:pointer-events-none disabled:opacity-50 [&_svg]:pointer-events-none [&_svg]:size-4 [&_svg]:shrink-0 border border-input bg-background shadow-sm hover:bg-accent hover:text-accent-foreground h-9 px-4 py-2 text-lg"
          data-testid="quantity-lower"
        >
          -
        </button>
        <input
          class="flex h-9 rounded-md border border-input bg-transparent px-3 py-1 text-base shadow-sm transition-colors file:border-0 file:bg-transparent file:text-sm file:font-medium file:text-foreground placeholder:text-muted-foreground focus-visible:outline-none focus-visible:ring-1 focus-visible:ring-ring disabled:cursor-not-allowed disabled:opacity-50 md:text-sm m-none w-[4rem] pr-0 text-center"
          data-testid="quantity-input"
          max="99"
          min="1"
          type="number"
          value="3"
        />
        <button
          class="inline-flex items-center justify-center gap-2 whitespace-nowrap rounded-md font-medium transition-colors focus-visible:outline-none focus-visible:ring-1 focus-visible:ring-ring disabled:pointer-events-none disabled:opacity-50 [&_svg]:pointer-events-none [&_svg]:size-4 [&_svg]:shrink-0 border border-input bg-background shadow-sm hover:bg-accent hover:text-accent-foreground h-9 px-4 py-2 text-lg"
          data-testid="quantity-boost"
        >
          +
        </button>
      </div>
      <svg
        class="lucide lucide-trash2 cursor-pointer hover:text-red-500"
        data-testid="remove-item"
        fill="none"
        height="24"
        stroke="currentColor"
        stroke-linecap="round"
        stroke-linejoin="round"
        stroke-width="2"
        viewBox="0 0 24 24"
        width="24"
        xmlns="http://www.w3.org/2000/svg"
      >
        <path
          d="M3 6h18"
        />
        <path
          d="M19 6v14c0 1-1 2-2 2H7c-1 0-2-1-2-2V6"
        />
        <path
          d="M8 6V4c0-1 1-2 2-2h4c1 0 2 1 2 2v2"
        />
        <line
          x1="10"
          x2="10"
          y1="11"
          y2="17"
        />
        <line
          x1="14"
          x2="14"
          y1="11"
          y2="17"
        />
      </svg>
      <p
        class="flex flex-1 justify-end"
        data-testid="sum"
      >
        $59.97
      </p>
    </div>
  </div>
</DocumentFragment>
`;
